0B
0K
0P
0V
1B
1F
1G
1H
1I
1J
1K
1L
1M
1N
1X
2A
2B
2D
2E
2F
2G
2H
2I
2J
2K
2L
2M
2N
2O
2P
2Q
2R
2S
2T
2U
2V
2W
2Z
3A
3A
3B
3C
3D
3E
3F
3H
3K
3L
3M
3N
3O
3P
3Q
3R
3S
3T
3U
3V
3X
3X
3Y
3Z
4A
4B
4C
4C
4D
4E
4G
4H
4I
4J
4K
4L
4M
4N
4O
4P
4Q
4R
4S
4T
4U
4V
4W
4X
4X
4Y
4Z
5A
5B
5C
5C
5D
5E
5F
5G
5H
4H
5J
5K
5L
5M
5N
5O
5P
5Q
5R
5S
5T
5U
5V
5X
5Y
5Y
5Z
6A
6B
6D
6E
6G
6H
6I
6J
6L
6M
6O
6P
6Q
6R
6R
6T
6T
6U
6V
6W
6Y
6Z
7A
7B
7C
7C
7D
7E
7F
7G
7H
7I
7J
7K
7L
7M
7N
7O
7Q
7R
7S
7T
7T
7U
7V
7W
7Y
7Z
8A
8B
8D
8D
8E
8F
8G
8H
8I
8K
8L
8L
8M
8N
8O
8P
8Q
8R
8S
8T
8U
8V
8W
8Y
8Y
8Z
9A
9B
9C
9D
9E
9F
9G
9H
9I
9J
9K
9L
9M
9N
9O
9P
9Q
9R
9T
9U
9V
9W
9X
A2
A3
A4
A5
A6
A7
A8
A9
AA
Q3
AB
ED
AC
8V
AD
AE
I9
AF
AW
AG
AH
AI
AJ
4W
AK
AL
AM
AO
AP
MM
AR
J6
AS
AT
FO
8C
AU
AV
AW
AX
AY
AZ
A2
B2
B3
B4
B5
B6
B7
B8
B9
BA
4B
8W
BB
BC
8B
BD
BE
Z9
W4
BF
BF
BG
BH
U4
BI
BJ
BK
BL
BM
BD
BN
BO
3S
BP
BQ
5Q
BR
BS
GQ
BT
BU
BV
XV
BW
BX
BZ
BZ
C0
C3
C4
C5
C6
C7
C8
C8
C9
C9
CA
QC
8F
CB
CC
CC
CQ
PT
CD
CF
CG
CH
CI
CJ
CK
CL
CM
CN
CD
CO
CP
CQ
OQ
CS
CT
CU
CV
CV
CW
CX
CY
CZ
D0
D1
D2
D3
D4
D5
D6
D7
D8
D9
N2
DB
DC
DD
DE
DF
DG
DH
DI
DJ
DK
DL
DN
DO
DP
DQ
DR
DS
DT
DU
DV
DW
0D
DX
DY
DZ
E0
E2
E2
E3
E4
E5
E6
E7
E7
E8
E9
EA
KR
EB
EC
ED
WK
EE
EF
EG
E3
EH
EI
EJ
EK
EL
EM
EM
EN
EO
EP
J5
EQ
ER
5Y
ES
ET
EG
EU
5A
EV
EW
EX
EY
EZ
EZ
F2
F3
F4
F5
F6
F7
F8
F9
FA
FA
FB
FC
FC
FD
JH
FE
FG
FH
HW
FH
FI
FJ
FK
FK
FL
4H
B5
FM
FN
FO
FP
FQ
FQ
FR
FS
FS
FT
FU
FU
FV
FW
FX
FY
FZ
G0
G2
G3
G4
G5
G6
G7
G8
G9
GA
GB
7G
GC
GD
GE
GF
GG
GH
GI
GJ
GK
GL
GL
GM
GO
GO
GP
GP
GQ
GR
GR
GS
XH
ND
GT
GU
GV
GW
GX
GY
GZ
H1
H2
H3
H4
H5
H6
H7
H8
H9
HA
H8
HB
HC
HD
HE
5K
HG
HH
HI
HJ
HK
HK
JH
HM
HN
HO
HP
HQ
HR
HS
HT
HU
HV
HW
HW
HX
HY
HZ
I2
I3
I4
I4
I5
I7
I8
I9
IA
IO
IB
IC
ID
IE
IF
IG
IH
II
IJ
IK
IL
IM
HT
IN
IP
IQ
IR
IS
IT
IU
IV
IW
TY
IX
IY
IZ
J0
J2
J3
J4
J5
J6
J7
J8
J9
JA
LK
JI
TB
JB
3J
JC
JD
JE
JF
8J
JH
JI
JJ
JL
JM
JO
JP
JQ
JR
JS
JT
JT
JU
UJ
JV
JW
JW
JX
JY
JZ
K2
K3
K4
K4
K5
K5
K6
K7
K8
K9
KA
5R
KB
K7
KC
KD
KE
KF
KW
KG
KH
KI
KJ
KK
KL
KM
KN
KN
KO
KP
KQ
KR
KR
KS
KT
KU
KV
KW
KX
KY
KZ
L1
L2
L3
L3
L4
L5
L5
L6
L8
L9
LA
L7
LB
LC
LF
LD
LE
3I
LG
LH
LI
LJ
LL
LM
LN
LO
LC
LP
LR
LS
LT
XO
LU
LV
LW
LX
LY
LZ
M2
M2
M3
M3
M4
M5
M6
M7
M9
MA
L4
L6
MB
MC
MD
3Y
ME
MF
MG
MH
MI
MJ
MK
6F
ML
MM
MN
MO
MP
I6
MQ
MR
MS
MU
5M
MV
MW
MY
MY
MY
MZ
IH
N2
N2
N3
N4
N5
N6
N7
N8
N9
N9
NA
NB
NC
NE
NF
NG
NH
NI
NJ
NC
NK
NL
NM
NN
NO
5E
NP
NQ
NR
N5
NS
NT
2N
NU
NV
NW
NX
NY
NZ
NM
O2
O4
O6
O8
O9
OA
OY
OD
OB
OC
OD
OE
OF
OG
OH
8Q
OI
OJ
OK
OL
8R
OM
ON
OO
OP
OQ
OR
OS
OT
OU
OV
OW
OX
OY
OZ
P0
P1
P2
P2
P3
P3
P4
P5
P6
P7
GP
P9
PA
PB
DJ
PC
PD
PE
PE
PF
PG
PH
PI
PJ
PK
PL
PL
PM
PN
PO
PP
PQ
PR
PS
PT
PU
PV
PW
PX
PY
PZ
Q2
Q3
Q4
Q5
Q6
Q7
Q8
Q8
Q9
QB
QD
QE
QF
QG
QH
QI
QJ
QJ
QK
QL
QM
QN
QO
QO
QP
QQ
QR
QS
QT
QT
QU
QV
QW
QX
QY
QZ
R0
R2
R3
R4
R6
R7
R8
R9
RA
RB
E5
RC
RD
RE
RF
RL
RG
RH
RI
RJ
RK
RT
RL
RL
RM
RN
RN
RO
RP
RQ
RR
RS
E4
RT
RT
7T
RT
RU
RV
RX
RY
RZ
S0
S2
S3
S4
S5
S6
S7
S8
S9
SA
SB
SC
SD
SE
I6
SF
SG
DN
SH
L4
ZY
SI
SJ
SK
GV
SL
SO
SM
4J
SN
2Q
LQ
SO
9S
SP
SQ
SR
SS
ST
SU
SV
SW
WG
SX
XW
SY
SZ
T0
T2
T2
T3
T4
T5
T6
T7
T8
T9
TA
B4
TC
MT
TD
TE
TF
TG
TH
TH
TI
TJ
TK
TL
TL
TM
GY
TN
M8
TO
BY
TP
TQ
TR
6T
TS
TT
TU
2T
LD
TV
6D
T6
TW
TZ
EC
TX
TY
Y7
TZ
U2
U3
U4
U5
U6
U7
U8
U9
UA
UB
UC
UD
UE
UF
UG
UH
UH
UI
UJ
UK
ZX
UL
UM
UN
UO
UP
UQ
UR
US
UT
UU
UV
UW
UX
UZ
V0
V2
V3
V4
V4
V5
V7
V8
V8
V9
VA
BF
9R
VB
VC
VC
VD
VE
V4
VF
VH
VI
VL
MV
VJ
VK
VM
VN
VO
VP
VQ
VR
VS
VT
VU
V6
VV
VW
VX
VY
VZ
W2
W3
W3
W4
W5
W6
W7
W8
W9
W9
WA
WB
WC
WD
9C
WE
WE
WF
WG
WH
WI
WJ
WL
G6
WM
WN
WO
WP
WQ
WR
WS
WT
WU
WV
WW
WX
WY
WZ
X3
X4
X5
X7
X8
X9
XA
XC
XE
XF
XG
XJ
XK
XL
XM
XM
XM
XN
XO
XP
XQ
XR
XT
XU
XV
XW
XY
XZ
Y0
Y2
Y4
Y5
Y6
Y6
Y8
Y8
Y9
YA
YB
YC
YC
YD
YE
YG
YH
YI
YJ
YK
YM
YN
YO
YP
YQ
YR
YS
YT
YU
YV
YW
YX
YZ
Z2
Z3
Z4
Z5
Z6
Z7
Z8
Z8
ZA
ZB
ZC
ZD
ZE
ZF
ZG
ZH
ZI
ZJ
ZK
ZL
ZM
ZN
ZO
ZP
ZP
ZQ
ZR
ZS
ZT
ZU
ZV
ZW
ZX
ZX
ZY
