Blue Air
Aircompany Kokshetau
Palau Asia Pacific Air
Vietnam Air Service
British Airways Cargo
Forward Air
Eva Airways Cargo
Asiana Airways Cargo
Netjets Aviation
JAL Cargo
Korean Air Cargo
Dragonair Cargo
China Airlines Cargo
ANA Cargo
Branson Air
Deutsche Bahn
Aerocondor
Dubronovik Airlines
Smokey Bay Air
Frontier Flying Service
CargoItalia
Thalys
Star Peru
Air Burkina
AeroGal
Helvetic Airways
Moldavian Airlines
Yuzmashavia
Island Air Service
Air Philippines
Avitrans Nordic AB
VIA Rail Canada Inc
Satgur Air Transport
Alajnihah Air Transport 
Sun d'Or
Amtrak
Welcome Air
Voronezh Aircraft
Alliance Airlines
Chu Kong Passenger Transport
Job Air
RegionsAir
Denim Air
Air Choice One
Pacific Airways
Air Inuit
Jetstar Asia
InterSky
Silver Airways
Air Urga
Air Arabia Maroc
Tiara Air
China Yunnan Airlines
Gromov Air
Air Antilles
Turan Air
Sichuan Airlines
TNT Airways
Japan Air Commuter
Premier Trans Aire
Kartika Airlines
Everts Air
Air Kiribati
Aviastar-TU
Aires
Click Airways
Air Sinai
Tanana Air Service
Gazpromavia Aviation
United Airways Bangladesh
IZAir
Nationwide Airlines (Zambia)
Kenn Borek Air
Georgian International Airlines
Lan Argentina
Air North
Interjet
Viking Airlines
Safi Airways
HI Hamburg International
Star Airways
Belair
Germanwings
Lignes Aeriennes Congolaises
Warbelow's Air Ventures
Atlantic Express
Mercury World Cargo
Flight Alaska
SA Airlink
Alpine Aviation
Chanchangi Airlines
C.A.L. Cargo Airlines
Nature Air
AeroMexico Connect
SGA
Arctic Circle Air
Skyservice Airlines
Fly540
Air G
CEBU Pacific Air
Odessa Airlines
AeroSur
FlyMontserrat 
Nordavia
Europe Airpost
Aerolinea Principal
Keenair Charter
Custom Air Transport
S.A.P.
Canadian North
Lineas Aereas del Estado
Lviv Airlines
UPS
Atlas Air
Isles Of Scilly Skybus
Bismillah Airlines
AVIACSA
TUIfly Nordic
PT. Pelita Air
IndiGo
Gulfstream Connection
Israir Airlines
Aviast Air
Jubba Airways
Aklak
Air Minas
Air Satellite
Gryphon Airlines
Cham Wings Airlines
Aerounion
Mirny Air
Air Mandalay
Almaty Aviation
ACG Air Cargo Germany
Mars RK
Saratov Airlines
SmartLynx Airlines
Panavia
Air Next
Atlant-Soyuz
Coyne Airways
Jeju Air
Donbassaero
Sylt Air
First Air
StarFlyer
Era Aviation
Insel Air
Tajik Air
KOLAVIA
Aerocaribbean
Mayair
Inland Aviation
Travel Service Hungary
Pan Am World Airways Dominicana
RusLine
Arctic Transportation
Trans North Aviation
Air Glaciers
Aviaenergo
Federal Airlines
Wind Rose Aviation
Mid Airlines
Halcyonair
Atlas Blue
Bremenfly
Expo Aviation
Servant Air
Bering Air
STP Airways
Angel Airlines
Highland Airways
MyAir.com
EVAS Air
Lucky Air
Redhill Aviation
Myanmar Airways International
Barents AirLink
West Coast Air
Pacific Coastal Airlines
Baker Aviation
TRIP Regional
TurboJET
Air Tindi
Afriqiyah Airways
Wright Air
Private Wings
Air Burundi
China Postal Airlines
Wizz Air Bulgaria
Visa Airways
AccesRail
Spring Airways
Toumai Air
Pinnacle Airlines
EuroStar
9G Rail
Dutch Antilles Express
Helitrans AS
Dana Air
Cape Air
Colgan Air
Central Mountain Air
ANA & JP Express
Transportes Aereos Inter
Palau National Airlines
PB Air
Satena
Transwest Air
Air Moldova
AVIOR
Jet Airways (India)
New Axis Airways
Cielos Del Peru
Aegean Airlines
Aerocon
Airlinair
Air Alps Aviation
Air Comet
Benin Golf Air
Georgian Airways
American Airlines
American Airline
Anguilla Air Services
Air Berlin
Airblue
Air Canada
Astral Aviation
Azul Brazilian
Mandarin Airlines
Air Italy
Air France
Africa World Airlines
Air Contractors
Air Algerie
Air India
AeroContractors
Allied Air
Airasia
Midwest Connect
Aeromexico
Avianova
Air One
Peach Aviation
Aerolineas Argentinas
Jamaica Air Shuttle
Alaska Airlines
Royal Air Maroc
Airlines of Tasmania
Air Transport International
Austral
AVIANCA
Dirgantara Air
Trans States Airlines
Finnair
Alitalia
Astra Airlines
Belavia
Bellview Airlines
Bankair
East African Safari Air Express
JetBlue Airways
Uni Airways
Eritrean Airlines
Iran Air Tours
British Airways
Boutique Air
BAX Global
Seaborne Airlines
Skymark Airlines
Business Air
bmi
FlyBE
Bek Air
Aero Services
Bluebird Cargo
Aero-Service
Biman Bangladesh Airlines
Hawkair Aviation
Buddha Air
Royal Brunei Airlines
Nouvelair Tunisie
Okay Airways
Pacific Airlines
Bayu Indonesia
bmi Regional
Bahrain Air
Bouraq Indonesia Airlines
AeroLogic
Air Botswana
Aeromar Airlines
BQB Lineas
EVA Air
British International
Big Sky Airlines
airBaltic
SAS Norway
Blue Panorama Airlines
BVI Airways
Caribbean Airlines
Air Busan
Keystone Air
Blue Dart Aviation
Centralwings
Contact Air
ALMA de Mexico
CommutAir
Canjet Airlines
Rico Linhas Aereas
Cargolux Italia
Cronos Airlines
Cirrus Airlines
CLA Air Transport
Air China International
Camair-Co
PT Cardig Air
ScotAirways
Air Atlanta Icelandic
Macair Airlines
Czech Connect
Capital Cargo International Airlines
Air India Regional
City Airline
Airlines of Papua New Guinea
Bemidji Airlines
China Airlines
BA CityFlyer
China Cargo
Lufthansa Cityline
Copa Airlines
Grand China Air
Corendon Dutch Airlines
Continental Airlines
Compass Airlines
Sunshine Express Airlines
Chongqing Airlines
Continental Micronesia
Air One CityLiner
Cubana de Aviacion
Cargolux Airlines International
Air Chathams
Air Marshall Islands
Cathay Pacific Airways
Cyprus Airways
China Southern
DHL Air Limited
Direct Air
Severstal Aircompany
Daallo Airlines
Alidaunia
DHL Aero Expreso
Interair South Africa
AirAsia X
Djibouti Airlines
Aeroflot - Don
Daghestan Airlines
Brit Air
Golden Air
Nok Air
Condor
AeBal
South East Asian Airlines
Independence Air
dba
Virgin Australia
Thomas Cook DK
Delta Air Lines
Deccan
Air Vallee
First Choice Airways
Coastal Air
Air Link
Easyjet Switzerland
TAAG
Hemus Air
Air Company SCAT
Aero-Charter
Darwin Airline
Danish Air
Norwegian Air Shuttle
Transcaraibes Air International
Eos
Kampuchea Airlines
Rio Grande Air
Domodedovo Airlines
Elysian Airlines
Samara Airlines
AviaExpressCruise Airlines
Fly European
Estafeta
JSC Semeyavia
Pan Am Clipper Connection
Andalus
Kyrgyz Airways
Pullmantur Air
OpenSkies
Air Dominicana
Edelweiss Air
Aero Airlines
Far Eastern Air
Japan Asia Airways
Eagles Airlines
ANA Wings
Aer Lingus
New England Airlines
Emirates
Air Nippon
Empire Airlines
Aero Benin
Air Dolomiti
Hewa Bora Airways
Iran Aseman Airlines
Shenzhen Donghai Airlines
Tame Linea Aerea
Astar Air Cargo
Express Rail LInk
DHL International
Ethiopian Airlines
East Air
Chengdu Airlines
Air Atlanta Europe
Atlantic Southeast Airlines
Eurowings
Air Santo Domingo
Etihad Airways
Evergreen International
Sun Air
Aerolineas Regionales
Sky King
Shanghai Airlines Cargo
Cosmic Air
First Cambodia Airlines
flybaboo
Freedom Airlines
Frontier Airlines
Airlink Airways
Safair
Bulgaria Air
Finncomm Airlines
Falcon Express
Thai AirAsia
Fuji Dream Airlines
Primaris Airlines
Ariana Afghan Airlines
Futura International
Hello
Freebird Airlines
Icelandair
Air Pacific
Africa West
Keewatin Air
AirTran Airways
Fly S.A.
Flightline
Shanghai Airlines
Regional Air Lines
Felix Airways
Freedom Air
Brindabella Airlines
Thomas Cook
Ryanair
ItAli Airlines
Fueguinos
Siem Reap Airways International
Air Littoral
BudgetAir
Rossiya
IBEX
FedEx
Firefly
Flydubai
Ghana International Airlines
Avirex Gabon
Gol Air Transport
Allegiant Air
China Express Airlines
Angkor Airways
GoJet Airlines
GoAir
Air Arabia
Garuda Indonesia
ABX Air
Global Jet
Gambia International Airlines
Grandstar Cargo
TransAsia Airways
Gulf Air
Air Comores
Globus
ITEK-AIR
Eurofly
Go One Airways
Air Greenland
AirGlow Aviation
Air Slovakia
Go
Kuzu Airlines Cargo
Pantanal
Gestair
Sky Express S.A.
Aurigny Air Services
Gemini Air Cargo
Tianjin Airlines
Global Supply Systems
Sky Wings
GB Airways
AVIATECA
Grant Aviation
Air Lines Of Kuban
JetX
Gabon Airlines
Air Rarotonga
Hooters Air
Sky Airline
Harbour Air
Heli Securite
Magadan Airlines
Hageland Aviation
Eagle Air
Delavia - Far East Airways
Pegasus
Hawaiian Airlines
Air d'Ayiti
Homer Air
Iceland Express
Air Do
Luftfahrtgesellschaft Walter
HiFly
Niki
Taban Air
Papillon Airways
Tasman Cargo
Four Star Aviation
Yangon Airways
Harlequin Air
Air Seychelles
Heavylift Cargo
Juneyao
America West
Harmony Airways
Hahn Air Lines
Svenska Direktflyg
Aeromist
Hainan Airlines
Transavia
North-Wright Airways
TransAustralian Air Express
Hong Kong Airlines 
Uzbekistan Airways
SAT
Munich Airlines
Ivoirienne de Transport Aerien
Interstate Airlines
Airlink
Societe Nouvelle Air Mali
Paramount Airways
Izhavia
Indigo
Iraqi Airways
IrAero
Iberia
Indian Airlines
Interlink Aviation
Solomon Airlines
Islas Airways
Meridiana
Falcon Air
IBC Airways
Great Wall Airlines
IMAIR Airline
LankAir
Menajet
Hellenic Imperial Airways
Macedonian Airlines
Atyrau Aue Joly
Augsburg Airways
Iran Air
Island Airlines
Kingfisher
Hevi Lift (PNG)
Wind Jet
Wings Air
Iberworld Airlines
Air India Express
Yemen Airways
Arkia - Israeli Airlines
Jet Link Express
AZAL
Northwestern  Airlease
Buffalo Airways
Alaska Seaplane
Larry's Flying Service
Centre Avia Airlines
Berjaya Air
Jazeera Airways
BH Airlines
Aircompany Continent
Jade Cargo
Jetairfly
Helijet International
Jubba Airways Limited
JAL Express
Beijing Capital Airlines
Mango
L. A. B. Flying Service
Jet4You
Nordeste
Eastern Caribbean Airlines
TAM Linhas Aereas
JAL
Air Jamaica
JALways
Adria Airways
Jetstar Airways
Joy Air
Air Koryo
Transair
Lion Airlines
Jat Airways
USA Jet Airlines
Bearskin Airlines
Arrow Air
Skippers Aviation
Jett8 Airlines Cargo
Air Turks And Caicos
Skyways
EuroLot
Taquan Air Services
Kalitta Air
Kronflyg
SeaPort Airlines
Aban Air
Cambodia Angkor Air
KoralBlue
Dutch Caribbean Airline
Skyward Aviation
Dragonair
Karthago Airlines
Druk Air
Air KBZ
Air Astana
KD Avia
Korean Air
Blue1
Kelowna Flightcraft Air Charter
Aerogaviota
Aloha Air Cargo
Adam Skyconnection
Asian Air
Atlasjet
KLM
Air Malta
China United Airlines
Maroomba Airlines
Alaska Central Express
ASKY Airlines
Kenya Airways
Kitty Hawk
Comores Aviation
Penair
Katami Air
Kuwait Airways
Kavminvodyavia
Wataniya Airways
Cayman Airways
Kunming Airlines
Nippon Cargo
Unknown
Lynden Air Cargo
Lynx Aviation
DHL de Guatemala
Lauda Air
Helikopter Service
Lufttransport
Tbilaviamsheni
Laparkan Airways
Belle Air Europe
Lan Airlines
LANCO
LAB
Varig Logistica
Lao Central Airlines 
AHK
Laparkan Airways
Airlift Service
Luxair
Lufthansa
LIAT
Jin Air
Lineas Aereas Allegro
Livingston
Libyan Arab Airlines
LOT - Polish Airlines
Loganair
Lan Peru
LACSA
Jet2.com
LTU International Airways
LTE International Airways
LanExpress
Albanian Airlines
Pacific Wings
SWISS
El Al
Belle Air
Mahfooz Aviation
Mario's Air
ABSA
North Flying
Avioimpex
Kenmore Air
Amerijet International
Marsland Aviation
Motor-Sich
Malev
Max Aviation
Mauritania Airlines International
MNG Airlines Cargo
Air Mobility Command
Air Madagascar
Madina Air
Middle East Airlines
Xiamen Airlines
Midex Airlines
Malaysia Airline
Silkair
Mihin Lanka
Air Mauritius
MAT Airways
ATTICO
EuroAtlantic Airways
Comair Express
Calm Air International
Martinair
Air Indus
American Eagle
Air Mauritanie
Egyptair
China Eastern Airlines
Murray Air
Armenian International Airways
Mokulele Airlines
Aerotransportes Mas de Carga
MAXjet
Maya Island Air
Merpati Nusantara Airlines
Irtysh-Air
Aerolineas Internacionales
Kabo Airlines
Aerolineas MAS
Trans Air Benin
Skagway Air
Alpine Air Private Ltd.
Lagun Air
National Airlines
Kabo Air
Nordic Solutions
North American Airlines
Sterling European
Northern Air Cargo
Skyeurope Airlines
Air Vanuatu
Lauda Air
ANA - All Nippon Airways
Portugalia Airlines
Nordisk Aviation
Cobham Aviation
Spirit Airlines
Shaheen Air International
Manx2
VIM Airlines
Neos
Nok Mini
Skytrans
Air Japan Company
Pamir Air
Norfolk Air
Hebei Airlines
Binter Canarias
NextJet
Japan Transocean Air
Air Central
Northwest Airlines
Air Macau
Air Iceland
Air New Zealand
Mount Cook Airlines
Jet Air
Antrak Air
OceanAir
Axis Lines
Nova Airlines
Olympic Air
Omni Air International
Tor Air
Boliviana de Aviacion
Oriental Air Bridge
Natalco Airlines
Asia Overnight Express
Air Finland
One-Two-GO Airlines
Comair
Onur Air
Italia Tour Airlines
Overland Airways
Czech Airlines
OLT
SOL Lineas Aereas
Miat - Mongolian Airlines
Our Airline
SkyWest Airlines
Olympic Airlines
Queen Air
Arkefly
Austrian
Aeropelican Air Services
Croatia Airlines
Estonian Air
Executive Airlines
Orient Thai Airlines
Andes Lineas Aereas
Asiana Airlines
Proflight Commuter Services
Aviation Technologies
Air Kenya Express
Panair
Passaredo Linhas Aereas 
Premier Trans Aire
Aero Lineas Sosa
Copa Airlines Colombia
Pascan Aviation
Russian Sky Airlines
Air Mekong
Peruvian Airlines
Florida Coastal Airlines
Provincial Airlines
Pacific Blue Airlines
Pegasus Airlines
Porter Airlines
Phoebus Apollo Aviation
Peoples Vienna Line
Primera Air
Bangkok Airways
Transavia Denmark 
Sun Air (Pacific)
Air Saint-Pierre
Pakistan International Airlines
Airstars Airways
Southern Air Charter
Pamir Air
China West Air
Polar Air Cargo
Jet Aviation Business
Tailwind
Philippine Airlines
Ukraine International
West Air
PLUNA
Saint Barth Commuter
Precision Air Services
Air Niugini
Surinam Airways
TAM
Maldivian
Zambian Airways
Starlink Aviation
40-Mile Air
Skytrans
Sky Bahamas
Pacific East Asia Cargo
Trans Air Congo
Arik Niger
Georgian National Airlines
AEROVIP
Crossair Europe
Qantas Airways
Global Aviation
Kyrgyzstan
Cimber Sterling
Jet Airways
Jet Airways Inc.
Jazz Aviation
LASER Airlines
Air Malawi
Air Armenia
Aeromexpress
Origin Pacific Airways
Starlight Airlinesv
Alliance Airlines
Qatar Airways
Smart Wings
Tampa Cargo
Regional Air
UTair Ukraine
Lao Aviation
Blue Wings
Horizon Air
European Air Transport
Indonesia AirAsia
Royal Airlines
Orenair
Yakutia
Tulpar Avia Service
Dot LT
Aserca Airlines
Kyrghyzstan Airlines
TAF Linhas Aereas
Nepal Airlines
Syrian Arab Airlines
Air Arabia Egypt
Atlantic Airways Faroe Islands
Ryan International Airlines
Aer Arann
Florida West International Airways
Royal Falcon
Varig
Robin Hood Aviation
Mandala Airlines
Royal Jordanian
Region-Avia
RAK Airways
Air Charter
Royal Phnom Penh Airways
Regional Air
Air Horizons
Paradise Air
Tarom
Chautauqua Airlines
Kam Air
Royal Air Force
Aerofreight Airlines
Aero Asia International
Airlines of South Australia
Rutges Cargo
Trans AM
Air Turquoise
AirBridge Cargo
Caspian Airlines
Regent Airways
European Executive Express
SANSA
Slok Air
JetLite
SBA Airlines
SATA International
Shuttle America
Salmon Air
S7 Airlines
Charlan Air
East African Safari Air
South African Airways
Air Caledonie International
Shandong Airlines
Sudan Airways
XL Airways France
Sky Eyes
Tassili Airlines
SpiceJet
Senegal Airlines
Sharp Airlines
Lynx Aviation
Sky Airlines
Blue Islands
Sriwijaya Air
SAS - Scandinavian Airlines
Sky Gabon
Rio-Sul
SALSA d Haiti
Spirit of Manila Airlines
Somon Air
Brussels Airlines
Air Cargo Carriers
Solaseed Air
Superior Aviation
Southern Air
SATA Air Acores
Singapore Airlines
Swissair
CORSAIR
Germania
Aeroflot
Saudia
Air Namibia
Sunwing Airlines
Sky Work Airlines
Sky Express
Sun Country Airlines
Air Southwest
TACA Peru
Thai Air Cargo
Nakina Air
Eastern Airways
Trip Linhas Aereas
Turkmenistan
1Time
Twin Jet
STA
TMA
TACA
ZanAir
Air Tanzania
Thomas Cook Airlines UK
Atlantis European Airways
FlyLAL
Malmo Aviation
Thai Airways International
Transmile Air Services
BA Connect
TOL Airways
Tradewind
Turkish Airlines
Trans-Mediterranean Airways
Airnorth Regional
LAM
Tri-MG Intra Asia
Air Tahiti Nui
TransNusa Air Services
Transavia France
Thomson
TAP-Air Portugal
Tandem Aero
Tiger Airways
Turks Air
Air Transat
Tiger Airways Australia
Tunis Air
Tulpar Air Service
LTA
Tibet Airlines
Travel Service Slovakia
Tavrey Airlines
T'Way Airlines
Air-Taxi Europe
Avialeasing
Air Caraibes
Air Caledonie
Nordstar
ATA
easyJet
Avies
Progress Multitrade
USA 3000 Airlines
Ural Airlines
Air Uganda
Armavia
Tatarstan
United Airlines
Myanma Airways
Lan Chile Cargo
Hex'Air
NASAIR
Ukrainian Mediterranean Airlines
TunisAir Express
Eurasia Aircompany
US Helicopter
Eurocypria Airlines
Almasria
KLM uk
Zoom Airlines Limited
Sri Lankan Airlines
Air Zimbabwe
Transaero
Hong Kong Express
Bahamasair
SkyJet Aviation
UTAIR-Express
US Airways
UTair
Air Austral
Helicopteros del Sureste
Universal Airlines
Air Europa
Buraq Air
CONVIASA
Vision Airlines
Carpatair
Vensecar International
Valair
DanubeWings
Air Senegal International
Atran-Aviatrans Cargo
Iliamna Air Taxi
Star1 Airlines
Virgin Australia
Vincent Aviation
Phuket Airlines
VivaAerobus
Air Australia
Voyageur Airways
Kun Peng Airlines
CAI Second
Vieques Air Link
Valuair
Aeropostal
Volga-Dnepr
Air Via
Aviastar Mandiri
Jatayu Airlines
Virgin Nigeria
Macair Jet
Vietnam Airlines
Tyrolean Airways
VASP
Viking Hellas Airlines
TACV
Virgin Atlantic Airways
Air Tahiti
Air Ivoire
Vuelos Internos Privados VIP S.A.
Aerosvit Airlines
Aeromar
Virgin America
Vueling
Velvet Sky
FlexFlight ApS
Arik Air
Flyhy Cargo Airlines
LC Busre
Mahan Airlines
Wizzair
Sayakhat Airlines
Cargojet Airways
Sky Service
Air Bagan
KLM Cityhopper
Rwandair Express
Islena Airlines
Amsterdam Airlines
Wimbi Dira
Centurion Air Cargo
Rheintalflug
Wideroe
Westex
WebJet
Tradewinds Airlines
Air Labrador
Aeroperlas
Volga-Aviaexpress
Winair
Southwest Airlines
World Airways
Island Air
ROMAVIA
Royal Tongan Airlines
WestJet
Nigeria Airways
Wizz Air Ukraine
Wings Air
bmibaby
Cityjet
Oman Air
Red Wings Airlines
TUIfly
Air Excursions
Afrique Airlines
Air Service
Icaro
Avion Express
ARINC
K.D. Air
Expressjet
Vladivostok Air
SunExpress Deutschland
Mesaba Aviation
CCM
Lan Ecuador
C.A.I. First
Australian Air Express
J-Air
Xpressair
China Xinjiang Airlines
Xtra Airways
SunExpress
Skywest Airlines
SkyStar
African Express Airways
Ivoire Airways
China Xinhua Airlines
NAS AIR
SA Express
Yellow Airtaxi
Flyglobespan
Volaris
Pace Airlines
Batavia Air
Cambodia Airlines
Yangtze River Express
Aircompany Yakutia
Kish Airlines
Federation Air
South African Express Airways
Yamal Airlines
Caverton Helicopters Ltd.
Mauritania Airways 
Yanda Airlines
South Airlines
Yangon Airways
Air Sunshine
AMC Airlines
KTHY
Montenegro Airlines
Air Creebec
Heli Air Monaco
Aero Lloyd
Aircompany Polet
Scenic Airlines
Regional Compagnie Aerienne Europeene
Yeti Airlines
Dominair
Mesa Airlines
Air Nostrum
Republic Airlines
Holland Exel
Zest Airways
PM Air LLC
Zoom Airlines
GMG Airlines
Dniproavia
Avia Traffic Company
Mali Airways
Amaszonas
Interavia Airlines
Monarch Airlines
Royal Swazi National Airways
Dolphin Air
Eastar Jet
Athens Airways
Viva Macau
Shenzhen Airlines
Aigle Azur
Zambezi Airways
Great Lakes Aviation
Rex Regional Express 
Cityline Hungary
NAYSA
Great Plains Airlines
Air St. Thomas
Silk Way Airlines
Caribbean Sun Airlines
Aviacon Zitotrans
Sama Airlines
Air Zambezi
Air Bashkortostan
Air Midwest
Air Wisconsin Airlines
Air Georgian
EVAS
Eznis Airways
Ottawa
Philadelphia
SAUDI ARABIAN AIRLINES
Alaska